Testing Health Check...
Status: 200
Response: {'status': 'ok', 'project': 'vital-octagon-19612'}

Testing Generate Image...
Status: 500
Error: {"detail":"404 NOT_FOUND. {'error': {'code': 404, 'message': 'Publisher Model `projects/vital-octagon-19612/locations/us-central1/publishers/google/models/gemini-2.5-flash-image-preview` was not found or your project does not have access to it. Please ensure you are using a valid model version. For more information, see: https://cloud.google.com/vertex-ai/generative-ai/docs/learn/model-versions', 'status': 'NOT_FOUND', 'details': [{'@type': 'type.googleapis.com/google.rpc.DebugInfo', 'detail': '[ORIGINAL ERROR] generic::not_found: Publisher Model `projects/vital-octagon-19612/locations/us-central1/publishers/google/models/gemini-2.5-flash-image-preview` was not found or your project does not have access to it. Please ensure you are using a valid model version. For more information, see: https://cloud.google.com/vertex-ai/generative-ai/docs/learn/model-versions [google.rpc.error_details_ext] { message: \"Publisher Model `projects/vital-octagon-19612/locations/us-central1/publishers/google/models/gemini-2.5-flash-image-preview` was not found or your project does not have access to it. Please ensure you are using a valid model version. For more information, see: https://cloud.google.com/vertex-ai/generative-ai/docs/learn/model-versions\" } 525003295 { 1 { 1 { 1 { 2: \"Cardolan\" 3: \"GenerateContent\" } 2 { 1: 5 2: \"generic\" 3: \"Publisher Model `projects/vital-octagon-19612/locations/us-central1/publishers/google/models/gemini-2.5-flash-image-preview` was not found or your project does not have access to it. Please ensure you are using a valid model version. For more information, see: https://cloud.google.com/vertex-ai/generative-ai/docs/learn/model-versions\" 5 { 1 { 2: 82012934 3 { 2: \"Publisher Model `projects/vital-octagon-19612/locations/us-central1/publishers/google/models/gemini-2.5-flash-image-preview` was not found or your project does not have access to it. Please ensure you are using a valid model version. For more information, see: https://cloud.google.com/vertex-ai/generative-ai/docs/learn/model-versions\" } } } } 8: 1 10 { 1: 0 } } 2: \"VertexServingRpcRoot\" } }'}]}}"}
